[demos.creative-tim.com/light-bootstrap-dashboard-pro/examples/dashboard.html]
[demos.creative-tim.com/light-bootstrap-dashboard-pro/assets/img/apple-icon.png]
[demos.creative-tim.com/light-bootstrap-dashboard-pro/assets/img/favicon.png]
[backblue.gif]
[fade.gif]
[index.html]
[s3.amazonaws.com/creativetim_bucket/products/34/original/opt_lbd_pro_thumbnail.jpg]
[maxcdn.bootstrapcdn.com/font-awesome/latest/css/font-awesome.min.css]
[demos.creative-tim.com/light-bootstrap-dashboard-pro/assets/css/bootstrap.min.css]
[demos.creative-tim.com/light-bootstrap-dashboard-pro/assets/css/light-bootstrap-dashboard790f.css]
[demos.creative-tim.com/light-bootstrap-dashboard-pro/assets/css/demo.css]
[demos.creative-tim.com/light-bootstrap-dashboard-pro/assets/img/sidebar-5.jpg]
[demos.creative-tim.com/light-bootstrap-dashboard-pro/assets/img/default-avatar.png]
[demos.creative-tim.com/light-bootstrap-dashboard-pro/examples/components/buttons.html]
[demos.creative-tim.com/light-bootstrap-dashboard-pro/examples/components/grid.html]
[demos.creative-tim.com/light-bootstrap-dashboard-pro/examples/components/panels.html]
[demos.creative-tim.com/light-bootstrap-dashboard-pro/examples/components/sweet-alert.html]
[demos.creative-tim.com/light-bootstrap-dashboard-pro/examples/components/notifications.html]
[demos.creative-tim.com/light-bootstrap-dashboard-pro/examples/components/icons.html]
[demos.creative-tim.com/light-bootstrap-dashboard-pro/examples/components/typography.html]
[demos.creative-tim.com/light-bootstrap-dashboard-pro/examples/forms/regular.html]
[demos.creative-tim.com/light-bootstrap-dashboard-pro/examples/forms/extended.html]
[demos.creative-tim.com/light-bootstrap-dashboard-pro/examples/forms/validation.html]
[demos.creative-tim.com/light-bootstrap-dashboard-pro/examples/forms/wizard.html]
[demos.creative-tim.com/light-bootstrap-dashboard-pro/examples/tables/regular.html]
[demos.creative-tim.com/light-bootstrap-dashboard-pro/examples/tables/extended.html]
[demos.creative-tim.com/light-bootstrap-dashboard-pro/examples/tables/bootstrap-table.html]
[demos.creative-tim.com/light-bootstrap-dashboard-pro/examples/tables/datatables.net.html]
[demos.creative-tim.com/light-bootstrap-dashboard-pro/examples/maps/google.html]
[demos.creative-tim.com/light-bootstrap-dashboard-pro/examples/maps/vector.html]
[demos.creative-tim.com/light-bootstrap-dashboard-pro/examples/maps/fullscreen.html]
[demos.creative-tim.com/light-bootstrap-dashboard-pro/examples/charts.html]
[demos.creative-tim.com/light-bootstrap-dashboard-pro/examples/calendar.html]
[demos.creative-tim.com/light-bootstrap-dashboard-pro/examples/pages/login.html]
[demos.creative-tim.com/light-bootstrap-dashboard-pro/examples/pages/register.html]
[demos.creative-tim.com/light-bootstrap-dashboard-pro/examples/pages/lock.html]
[demos.creative-tim.com/light-bootstrap-dashboard-pro/examples/pages/user.html]
[demos.creative-tim.com/light-bootstrap-dashboard-pro/assets/img/flags/US.png]
[demos.creative-tim.com/light-bootstrap-dashboard-pro/assets/img/flags/DE.png]
[demos.creative-tim.com/light-bootstrap-dashboard-pro/assets/img/flags/AU.png]
[demos.creative-tim.com/light-bootstrap-dashboard-pro/assets/img/flags/GB.png]
[demos.creative-tim.com/light-bootstrap-dashboard-pro/assets/img/flags/RO.png]
[demos.creative-tim.com/light-bootstrap-dashboard-pro/assets/img/flags/BR.png]
[demos.creative-tim.com/light-bootstrap-dashboard-pro/assets/img/sidebar-1.jpg]
[demos.creative-tim.com/light-bootstrap-dashboard-pro/assets/img/sidebar-3.jpg]
[demos.creative-tim.com/light-bootstrap-dashboard-pro/assets/img/sidebar-4.jpg]
[demos.creative-tim.com/light-bootstrap-dashboard-pro/assets/js/core/jquery.3.2.1.min.js]
[demos.creative-tim.com/light-bootstrap-dashboard-pro/assets/js/core/popper.min.js]
[demos.creative-tim.com/light-bootstrap-dashboard-pro/assets/js/core/bootstrap.min.js]
[demos.creative-tim.com/light-bootstrap-dashboard-pro/assets/js/plugins/bootstrap-switch.js]
[demos.creative-tim.com/light-bootstrap-dashboard-pro/assets/js/plugins/chartist.min.js]
[demos.creative-tim.com/light-bootstrap-dashboard-pro/assets/js/plugins/bootstrap-notify.js]
[demos.creative-tim.com/light-bootstrap-dashboard-pro/assets/js/plugins/jquery.sharrre.js]
[demos.creative-tim.com/light-bootstrap-dashboard-pro/assets/js/plugins/jquery-jvectormap.js]
[demos.creative-tim.com/light-bootstrap-dashboard-pro/assets/js/plugins/moment.min.js]
[demos.creative-tim.com/light-bootstrap-dashboard-pro/assets/js/plugins/bootstrap-datetimepicker.js]
[demos.creative-tim.com/light-bootstrap-dashboard-pro/assets/js/plugins/sweetalert2.min.js]
[demos.creative-tim.com/light-bootstrap-dashboard-pro/assets/js/plugins/bootstrap-tagsinput.js]
[demos.creative-tim.com/light-bootstrap-dashboard-pro/assets/js/plugins/nouislider.js]
[demos.creative-tim.com/light-bootstrap-dashboard-pro/assets/js/plugins/bootstrap-selectpicker.js]
[demos.creative-tim.com/light-bootstrap-dashboard-pro/assets/js/plugins/jquery.validate.min.js]
[demos.creative-tim.com/light-bootstrap-dashboard-pro/assets/js/plugins/jquery.bootstrap-wizard.js]
[demos.creative-tim.com/light-bootstrap-dashboard-pro/assets/js/plugins/bootstrap-table.js]
[demos.creative-tim.com/light-bootstrap-dashboard-pro/assets/js/plugins/jquery.dataTables.min.js]
[demos.creative-tim.com/light-bootstrap-dashboard-pro/assets/js/plugins/fullcalendar.min.js]
[demos.creative-tim.com/light-bootstrap-dashboard-pro/assets/js/light-bootstrap-dashboard790f.js]
[demos.creative-tim.com/light-bootstrap-dashboard-pro/assets/js/demo.js]
[connect.facebook.net/en_US/fbevents.js]
[demos.creative-tim.com/light-bootstrap-dashboard-pro/examples/dashboard.html]
[demos.creative-tim.com/light-bootstrap-dashboard-pro/assets/img/favicon.html]
[maxcdn.bootstrapcdn.com/font-awesome/latest/css/font-awesome.min.css]
[demos.creative-tim.com/light-bootstrap-dashboard-pro/assets/css/bootstrap.min.css]
[demos.creative-tim.com/light-bootstrap-dashboard-pro/assets/css/light-bootstrap-dashboard790f.css]
[demos.creative-tim.com/light-bootstrap-dashboard-pro/assets/css/demo.css]
[www.googletagmanager.com/gtm5445.html]
[demos.creative-tim.com/light-bootstrap-dashboard-pro/examples/components/buttons.html]
[demos.creative-tim.com/light-bootstrap-dashboard-pro/examples/components/grid.html]
[demos.creative-tim.com/light-bootstrap-dashboard-pro/examples/components/panels.html]
[demos.creative-tim.com/light-bootstrap-dashboard-pro/examples/components/sweet-alert.html]
[demos.creative-tim.com/light-bootstrap-dashboard-pro/examples/components/notifications.html]
[demos.creative-tim.com/light-bootstrap-dashboard-pro/examples/components/icons.html]
[demos.creative-tim.com/light-bootstrap-dashboard-pro/examples/components/typography.html]
[demos.creative-tim.com/light-bootstrap-dashboard-pro/examples/forms/regular.html]
[demos.creative-tim.com/light-bootstrap-dashboard-pro/examples/forms/extended.html]
[demos.creative-tim.com/cdn-cgi/scripts/5c5dd728/cloudflare-static/email-decode.min.js]
[demos.creative-tim.com/light-bootstrap-dashboard-pro/examples/forms/true]
[demos.creative-tim.com/light-bootstrap-dashboard-pro/examples/forms/validation.html]
[demos.creative-tim.com/light-bootstrap-dashboard-pro/examples/forms/wizard.html]
[demos.creative-tim.com/light-bootstrap-dashboard-pro/examples/tables/regular.html]
[demos.creative-tim.com/light-bootstrap-dashboard-pro/assets/img/blog-1.jpg]
[demos.creative-tim.com/light-bootstrap-dashboard-pro/assets/img/blog-2.jpg]
[demos.creative-tim.com/light-bootstrap-dashboard-pro/assets/img/blog-3.jpg]
[demos.creative-tim.com/light-bootstrap-dashboard-pro/assets/img/blog-4.jpg]
[demos.creative-tim.com/light-bootstrap-dashboard-pro/examples/tables/extended.html]
[demos.creative-tim.com/light-bootstrap-dashboard-pro/examples/tables/bootstrap-table.html]
[demos.creative-tim.com/light-bootstrap-dashboard-pro/examples/tables/datatables.net.html]
[demos.creative-tim.com/light-bootstrap-dashboard-pro/examples/maps/google.html]
[demos.creative-tim.com/light-bootstrap-dashboard-pro/examples/maps/vector.html]
[demos.creative-tim.com/light-bootstrap-dashboard-pro/examples/maps/fullscreen.html]
[demos.creative-tim.com/light-bootstrap-dashboard-pro/examples/charts.html]
[demos.creative-tim.com/light-bootstrap-dashboard-pro/examples/calendar.html]
[demos.creative-tim.com/light-bootstrap-dashboard-pro/assets/img/full-screen-image-2.jpg]
[demos.creative-tim.com/light-bootstrap-dashboard-pro/examples/pages/login.html]
[demos.creative-tim.com/light-bootstrap-dashboard-pro/assets/img/bg5.jpg]
[demos.creative-tim.com/light-bootstrap-dashboard-pro/examples/pages/register.html]
[demos.creative-tim.com/light-bootstrap-dashboard-pro/assets/img/bg4.jpg]
[demos.creative-tim.com/light-bootstrap-dashboard-pro/examples/pages/lock.html]
[demos.creative-tim.com/light-bootstrap-dashboard-pro/assets/img/full-screen-image-3.jpg]
[demos.creative-tim.com/light-bootstrap-dashboard-pro/examples/pages/user.html]
[demos.creative-tim.com/light-bootstrap-dashboard-pro/examples/c]
[demos.creative-tim.com/light-bootstrap-dashboard-pro/examples/b]
[demos.creative-tim.com/light-bootstrap-dashboard-pro/examples/POST]
[connect.facebook.net/en_US/fbevents.js]
[demos.creative-tim.com/light-bootstrap-dashboard-pro/examples/forms/true.html]
[demos.creative-tim.com/light-bootstrap-dashboard-pro/examples/c.html]
[demos.creative-tim.com/light-bootstrap-dashboard-pro/examples/b.html]
[demos.creative-tim.com/light-bootstrap-dashboard-pro/examples/POST.html]
